// Jest Snapshot v1, https://goo.gl/fbAQLP

exports[`Given a FlatCardById component Should render the lobby of page 1`] = `null`;
