// Jest Snapshot v1, https://goo.gl/fbAQLP

exports[`Given a Maps component Should render the Maps of page 1`] = `null`;
